left-parenthesis ( 1 0
ERROR in line 1, column 1, symbol a
